/Users/armaans/Library/Python/3.9/lib/python/site-packages/urllib3/__init__.py:35: NotOpenSSLWarning: urllib3 v2 only supports OpenSSL 1.1.1+, currently the 'ssl' module is compiled with 'LibreSSL 2.8.3'. See: https://github.com/urllib3/urllib3/issues/3020
  warnings.warn(
Starting simulation of 1 games with 1 workers. Anonymous Mode: True
Starting Game 1...

===== TURN: Player1 (Role.LIBERAL) - PHASE: Nomination =====

======== Game State ========
Liberal Policies: 0
Fascist Policies: 0
Election Tracker: 0
President: None
Chancellor: None
Veto Power: No

===== PUBLIC LOG =====
- Round 1 - Roles assigned.
- Round 2 - Roles assigned.
- Round 3 - Roles assigned.
- Round 4 - Roles assigned.
- Round 5 - Roles assigned.
- Round 6 - Player1: Player1 says: I nominate Player3 for Chancellor. I don't have a strong read on anyone yet, so I figured we could start with this.

===== DISCUSSION =====
- Player1: I nominate Player3 for Chancellor. I don't have a strong read on anyone yet, so I figured we could start with this.

=== Player1's Private Log ===
- Round 1 - Roles assigned. (Private: Your role is: Role.LIBERAL)
- Round 2 - Roles assigned.
- Round 3 - Roles assigned.
- Round 4 - Roles assigned.
- Round 5 - Roles assigned.
- Round 6 - Player1: Thought: I'll nominate Player3. I don't have strong feelings about anyone yet, but I want to start by building trust, and I'm not sure about the others.
- Round 6 - Player1: Player1 says: I nominate Player3 for Chancellor. I don't have a strong read on anyone yet, so I figured we could start with this. (Private: Full response:
{
  "thoughts": "I'll nominate Player3. I don't have strong feelings about anyone yet, but I want to start by building trust, and I'm not sure about the others.",
  "say": "I nominate Player3 for Chancellor. I don't have a strong read on anyone yet, so I figured we could start with this.",
  "action": "nominate Player3"
})

===== END STATE =====

Player1 nominated Player3 Chancellor.

======== Game State ========
Liberal Policies: 0
Fascist Policies: 0
Election Tracker: 0
President: Player1
Chancellor: Player3
Veto Power: No

===== PUBLIC LOG =====
- Round 1 - Roles assigned.
- Round 2 - Roles assigned.
- Round 3 - Roles assigned.
- Round 4 - Roles assigned.
- Round 5 - Roles assigned.
- Round 6 - Player1: Player1 says: I nominate Player3 for Chancellor. I don't have a strong read on anyone yet, so I figured we could start with this.

===== DISCUSSION =====
- Player1: I nominate Player3 for Chancellor. I don't have a strong read on anyone yet, so I figured we could start with this.

===== END STATE =====

--- Election Discussion ---

======== Game State ========
Liberal Policies: 0
Fascist Policies: 0
Election Tracker: 0
President: Player1
Chancellor: Player3
Veto Power: No

===== PUBLIC LOG =====
- Round 1 - Roles assigned.
- Round 2 - Roles assigned.
- Round 3 - Roles assigned.
- Round 4 - Roles assigned.
- Round 5 - Roles assigned.
- Round 6 - Player1: Player1 says: I nominate Player3 for Chancellor. I don't have a strong read on anyone yet, so I figured we could start with this.

===== DISCUSSION =====
- Player1: I nominate Player3 for Chancellor. I don't have a strong read on anyone yet, so I figured we could start with this.

===== END STATE =====

===== TURN: Player1 (Role.LIBERAL) - PHASE: Election Discussion =====

======== Game State ========
Liberal Policies: 0
Fascist Policies: 0
Election Tracker: 0
President: Player1
Chancellor: Player3
Veto Power: No

===== PUBLIC LOG =====
- Round 1 - Roles assigned.
- Round 2 - Roles assigned.
- Round 3 - Roles assigned.
- Round 4 - Roles assigned.
- Round 5 - Roles assigned.
- Round 6 - Player1: Player1 says: I nominate Player3 for Chancellor. I don't have a strong read on anyone yet, so I figured we could start with this.
- Round 7 - Player1: Player1 remains silent.

===== DISCUSSION =====
- Player1: I nominate Player3 for Chancellor. I don't have a strong read on anyone yet, so I figured we could start with this.

=== Player1's Private Log ===
- Round 1 - Roles assigned. (Private: Your role is: Role.LIBERAL)
- Round 2 - Roles assigned.
- Round 3 - Roles assigned.
- Round 4 - Roles assigned.
- Round 5 - Roles assigned.
- Round 6 - Player1: Thought: I'll nominate Player3. I don't have strong feelings about anyone yet, but I want to start by building trust, and I'm not sure about the others.
- Round 6 - Player1: Player1 says: I nominate Player3 for Chancellor. I don't have a strong read on anyone yet, so I figured we could start with this. (Private: Full response:
{
  "thoughts": "I'll nominate Player3. I don't have strong feelings about anyone yet, but I want to start by building trust, and I'm not sure about the others.",
  "say": "I nominate Player3 for Chancellor. I don't have a strong read on anyone yet, so I figured we could start with this.",
  "action": "nominate Player3"
})
- Round 7 - Player1: Thought: I'm a Liberal and Player3 has been nominated as Chancellor. I don't have enough information to feel strongly about this yet. I'll wait and see how the vote goes.
- Round 7 - Player1: Player1 remains silent. (Private: Full response:
{
  "thoughts": "I'm a Liberal and Player3 has been nominated as Chancellor. I don't have enough information to feel strongly about this yet. I'll wait and see how the vote goes.",
  "say": "",
  "action": "pass"
})

===== END STATE =====
Player1 remains silent.

======== Game State ========
Liberal Policies: 0
Fascist Policies: 0
Election Tracker: 0
President: Player1
Chancellor: Player3
Veto Power: No

===== PUBLIC LOG =====
- Round 1 - Roles assigned.
- Round 2 - Roles assigned.
- Round 3 - Roles assigned.
- Round 4 - Roles assigned.
- Round 5 - Roles assigned.
- Round 6 - Player1: Player1 says: I nominate Player3 for Chancellor. I don't have a strong read on anyone yet, so I figured we could start with this.
- Round 7 - Player1: Player1 remains silent.

===== DISCUSSION =====
- Player1: I nominate Player3 for Chancellor. I don't have a strong read on anyone yet, so I figured we could start with this.

===== END STATE =====

===== TURN: Player2 (Role.LIBERAL) - PHASE: Election Discussion =====

======== Game State ========
Liberal Policies: 0
Fascist Policies: 0
Election Tracker: 0
President: Player1
Chancellor: Player3
Veto Power: No

===== PUBLIC LOG =====
- Round 1 - Roles assigned.
- Round 2 - Roles assigned.
- Round 3 - Roles assigned.
- Round 4 - Roles assigned.
- Round 5 - Roles assigned.
- Round 6 - Player1: Player1 says: I nominate Player3 for Chancellor. I don't have a strong read on anyone yet, so I figured we could start with this.
- Round 7 - Player1: Player1 remains silent.
- Round 8 - Player2: Player2 remains silent.

===== DISCUSSION =====
- Player1: I nominate Player3 for Chancellor. I don't have a strong read on anyone yet, so I figured we could start with this.

=== Player2's Private Log ===
- Round 1 - Roles assigned.
- Round 2 - Roles assigned. (Private: Your role is: Role.LIBERAL)
- Round 3 - Roles assigned.
- Round 4 - Roles assigned.
- Round 5 - Roles assigned.
- Round 6 - Player1: Thought: I'll nominate Player3. I don't have strong feelings about anyone yet, but I want to start by building trust, and I'm not sure about the others.
- Round 6 - Player1: Player1 says: I nominate Player3 for Chancellor. I don't have a strong read on anyone yet, so I figured we could start with this.
- Round 7 - Player1: Thought: I'm a Liberal and Player3 has been nominated as Chancellor. I don't have enough information to feel strongly about this yet. I'll wait and see how the vote goes.
- Round 7 - Player1: Player1 remains silent.
- Round 8 - Player2: Thought: I'm a Liberal. Player1 nominated Player3. I don't have enough information to form an opinion on either of them yet. I'll wait and see how others react before deciding how to vote.
- Round 8 - Player2: Player2 remains silent. (Private: Full response:
{
  "thoughts": "I'm a Liberal. Player1 nominated Player3. I don't have enough information to form an opinion on either of them yet. I'll wait and see how others react before deciding how to vote.",
  "say": "",
  "action": "pass"
})

===== END STATE =====
Player2 remains silent.

======== Game State ========
Liberal Policies: 0
Fascist Policies: 0
Election Tracker: 0
President: Player1
Chancellor: Player3
Veto Power: No

===== PUBLIC LOG =====
- Round 1 - Roles assigned.
- Round 2 - Roles assigned.
- Round 3 - Roles assigned.
- Round 4 - Roles assigned.
- Round 5 - Roles assigned.
- Round 6 - Player1: Player1 says: I nominate Player3 for Chancellor. I don't have a strong read on anyone yet, so I figured we could start with this.
- Round 7 - Player1: Player1 remains silent.
- Round 8 - Player2: Player2 remains silent.

===== DISCUSSION =====
- Player1: I nominate Player3 for Chancellor. I don't have a strong read on anyone yet, so I figured we could start with this.

===== END STATE =====

===== TURN: Player3 (Role.HITLER) - PHASE: Election Discussion =====

======== Game State ========
Liberal Policies: 0
Fascist Policies: 0
Election Tracker: 0
President: Player1
Chancellor: Player3
Veto Power: No

===== PUBLIC LOG =====
- Round 1 - Roles assigned.
- Round 2 - Roles assigned.
- Round 3 - Roles assigned.
- Round 4 - Roles assigned.
- Round 5 - Roles assigned.
- Round 6 - Player1: Player1 says: I nominate Player3 for Chancellor. I don't have a strong read on anyone yet, so I figured we could start with this.
- Round 7 - Player1: Player1 remains silent.
- Round 8 - Player2: Player2 remains silent.
- Round 9 - Player3: Player3 remains silent.

===== DISCUSSION =====
- Player1: I nominate Player3 for Chancellor. I don't have a strong read on anyone yet, so I figured we could start with this.

=== Player3's Private Log ===
- Round 1 - Roles assigned.
- Round 2 - Roles assigned.
- Round 3 - Roles assigned. (Private: Your role is: Role.HITLER
Fascists: Player3, Player4)
- Round 4 - Roles assigned.
- Round 5 - Roles assigned.
- Round 6 - Player1: Thought: I'll nominate Player3. I don't have strong feelings about anyone yet, but I want to start by building trust, and I'm not sure about the others.
- Round 6 - Player1: Player1 says: I nominate Player3 for Chancellor. I don't have a strong read on anyone yet, so I figured we could start with this.
- Round 7 - Player1: Thought: I'm a Liberal and Player3 has been nominated as Chancellor. I don't have enough information to feel strongly about this yet. I'll wait and see how the vote goes.
- Round 7 - Player1: Player1 remains silent.
- Round 8 - Player2: Thought: I'm a Liberal. Player1 nominated Player3. I don't have enough information to form an opinion on either of them yet. I'll wait and see how others react before deciding how to vote.
- Round 8 - Player2: Player2 remains silent.
- Round 9 - Player3: Thought: I am Hitler. Player1 nominated me. I need to appear trustworthy. I will stay quiet for now.
- Round 9 - Player3: Player3 remains silent. (Private: Full response:
{
  "thoughts": "I am Hitler. Player1 nominated me. I need to appear trustworthy. I will stay quiet for now.",
  "say": "",
  "action": "pass"
})

===== END STATE =====
Player3 remains silent.

======== Game State ========
Liberal Policies: 0
Fascist Policies: 0
Election Tracker: 0
President: Player1
Chancellor: Player3
Veto Power: No

===== PUBLIC LOG =====
- Round 1 - Roles assigned.
- Round 2 - Roles assigned.
- Round 3 - Roles assigned.
- Round 4 - Roles assigned.
- Round 5 - Roles assigned.
- Round 6 - Player1: Player1 says: I nominate Player3 for Chancellor. I don't have a strong read on anyone yet, so I figured we could start with this.
- Round 7 - Player1: Player1 remains silent.
- Round 8 - Player2: Player2 remains silent.
- Round 9 - Player3: Player3 remains silent.

===== DISCUSSION =====
- Player1: I nominate Player3 for Chancellor. I don't have a strong read on anyone yet, so I figured we could start with this.

===== END STATE =====

===== TURN: Player4 (Role.FASCIST) - PHASE: Election Discussion =====

======== Game State ========
Liberal Policies: 0
Fascist Policies: 0
Election Tracker: 0
President: Player1
Chancellor: Player3
Veto Power: No

===== PUBLIC LOG =====
- Round 1 - Roles assigned.
- Round 2 - Roles assigned.
- Round 3 - Roles assigned.
- Round 4 - Roles assigned.
- Round 5 - Roles assigned.
- Round 6 - Player1: Player1 says: I nominate Player3 for Chancellor. I don't have a strong read on anyone yet, so I figured we could start with this.
- Round 7 - Player1: Player1 remains silent.
- Round 8 - Player2: Player2 remains silent.
- Round 9 - Player3: Player3 remains silent.
- Round 10 - Player4: Player4 remains silent.

===== DISCUSSION =====
- Player1: I nominate Player3 for Chancellor. I don't have a strong read on anyone yet, so I figured we could start with this.

=== Player4's Private Log ===
- Round 1 - Roles assigned.
- Round 2 - Roles assigned.
- Round 3 - Roles assigned.
- Round 4 - Roles assigned. (Private: Your role is: Role.FASCIST
Fascists: Player3, Player4)
- Round 5 - Roles assigned.
- Round 6 - Player1: Thought: I'll nominate Player3. I don't have strong feelings about anyone yet, but I want to start by building trust, and I'm not sure about the others.
- Round 6 - Player1: Player1 says: I nominate Player3 for Chancellor. I don't have a strong read on anyone yet, so I figured we could start with this.
- Round 7 - Player1: Thought: I'm a Liberal and Player3 has been nominated as Chancellor. I don't have enough information to feel strongly about this yet. I'll wait and see how the vote goes.
- Round 7 - Player1: Player1 remains silent.
- Round 8 - Player2: Thought: I'm a Liberal. Player1 nominated Player3. I don't have enough information to form an opinion on either of them yet. I'll wait and see how others react before deciding how to vote.
- Round 8 - Player2: Player2 remains silent.
- Round 9 - Player3: Thought: I am Hitler. Player1 nominated me. I need to appear trustworthy. I will stay quiet for now.
- Round 9 - Player3: Player3 remains silent.
- Round 10 - Player4: Thought: Player1 nominated Player3, who is Hitler. I need to appear neutral and not raise suspicion. I will say nothing for now. It's too early to reveal anything.
- Round 10 - Player4: Player4 remains silent. (Private: Full response:
{
  "thoughts": "Player1 nominated Player3, who is Hitler. I need to appear neutral and not raise suspicion. I will say nothing for now. It's too early to reveal anything.",
  "say": "",
  "action": "pass"
})

===== END STATE =====
Player4 remains silent.

======== Game State ========
Liberal Policies: 0
Fascist Policies: 0
Election Tracker: 0
President: Player1
Chancellor: Player3
Veto Power: No

===== PUBLIC LOG =====
- Round 1 - Roles assigned.
- Round 2 - Roles assigned.
- Round 3 - Roles assigned.
- Round 4 - Roles assigned.
- Round 5 - Roles assigned.
- Round 6 - Player1: Player1 says: I nominate Player3 for Chancellor. I don't have a strong read on anyone yet, so I figured we could start with this.
- Round 7 - Player1: Player1 remains silent.
- Round 8 - Player2: Player2 remains silent.
- Round 9 - Player3: Player3 remains silent.
- Round 10 - Player4: Player4 remains silent.

===== DISCUSSION =====
- Player1: I nominate Player3 for Chancellor. I don't have a strong read on anyone yet, so I figured we could start with this.

===== END STATE =====

===== TURN: Player5 (Role.LIBERAL) - PHASE: Election Discussion =====

======== Game State ========
Liberal Policies: 0
Fascist Policies: 0
Election Tracker: 0
President: Player1
Chancellor: Player3
Veto Power: No

===== PUBLIC LOG =====
- Round 1 - Roles assigned.
- Round 2 - Roles assigned.
- Round 3 - Roles assigned.
- Round 4 - Roles assigned.
- Round 5 - Roles assigned.
- Round 6 - Player1: Player1 says: I nominate Player3 for Chancellor. I don't have a strong read on anyone yet, so I figured we could start with this.
- Round 7 - Player1: Player1 remains silent.
- Round 8 - Player2: Player2 remains silent.
- Round 9 - Player3: Player3 remains silent.
- Round 10 - Player4: Player4 remains silent.
- Round 11 - Player5: Player5 says: Player3, can you explain why you think you'd be a good Chancellor?

===== DISCUSSION =====
- Player1: I nominate Player3 for Chancellor. I don't have a strong read on anyone yet, so I figured we could start with this.
- Player5: Player3, can you explain why you think you'd be a good Chancellor?

=== Player5's Private Log ===
- Round 1 - Roles assigned.
- Round 2 - Roles assigned.
- Round 3 - Roles assigned.
- Round 4 - Roles assigned.
- Round 5 - Roles assigned. (Private: Your role is: Role.LIBERAL)
- Round 6 - Player1: Thought: I'll nominate Player3. I don't have strong feelings about anyone yet, but I want to start by building trust, and I'm not sure about the others.
- Round 6 - Player1: Player1 says: I nominate Player3 for Chancellor. I don't have a strong read on anyone yet, so I figured we could start with this.
- Round 7 - Player1: Thought: I'm a Liberal and Player3 has been nominated as Chancellor. I don't have enough information to feel strongly about this yet. I'll wait and see how the vote goes.
- Round 7 - Player1: Player1 remains silent.
- Round 8 - Player2: Thought: I'm a Liberal. Player1 nominated Player3. I don't have enough information to form an opinion on either of them yet. I'll wait and see how others react before deciding how to vote.
- Round 8 - Player2: Player2 remains silent.
- Round 9 - Player3: Thought: I am Hitler. Player1 nominated me. I need to appear trustworthy. I will stay quiet for now.
- Round 9 - Player3: Player3 remains silent.
- Round 10 - Player4: Thought: Player1 nominated Player3, who is Hitler. I need to appear neutral and not raise suspicion. I will say nothing for now. It's too early to reveal anything.
- Round 10 - Player4: Player4 remains silent.
- Round 11 - Player5: Thought: I'm a Liberal. Player1 nominated Player3, who is Hitler. I need to be careful. I will express a bit of caution, but not too much to avoid raising suspicion. I'll ask for Player3's reasoning.
- Round 11 - Player5: Player5 says: Player3, can you explain why you think you'd be a good Chancellor? (Private: Full response:
{
  "thoughts": "I'm a Liberal. Player1 nominated Player3, who is Hitler. I need to be careful. I will express a bit of caution, but not too much to avoid raising suspicion. I'll ask for Player3's reasoning.",
  "say": "Player3, can you explain why you think you'd be a good Chancellor?",
  "action": "pass"
})

===== END STATE =====
Player5 remains silent.

======== Game State ========
Liberal Policies: 0
Fascist Policies: 0
Election Tracker: 0
President: Player1
Chancellor: Player3
Veto Power: No

===== PUBLIC LOG =====
- Round 1 - Roles assigned.
- Round 2 - Roles assigned.
- Round 3 - Roles assigned.
- Round 4 - Roles assigned.
- Round 5 - Roles assigned.
- Round 6 - Player1: Player1 says: I nominate Player3 for Chancellor. I don't have a strong read on anyone yet, so I figured we could start with this.
- Round 7 - Player1: Player1 remains silent.
- Round 8 - Player2: Player2 remains silent.
- Round 9 - Player3: Player3 remains silent.
- Round 10 - Player4: Player4 remains silent.
- Round 11 - Player5: Player5 says: Player3, can you explain why you think you'd be a good Chancellor?

===== DISCUSSION =====
- Player1: I nominate Player3 for Chancellor. I don't have a strong read on anyone yet, so I figured we could start with this.
- Player5: Player3, can you explain why you think you'd be a good Chancellor?

===== END STATE =====
--- Discussion ends as no one spoke in the last round ---

======== Game State ========
Liberal Policies: 0
Fascist Policies: 0
Election Tracker: 0
President: Player1
Chancellor: Player3
Veto Power: No

===== PUBLIC LOG =====
- Round 1 - Roles assigned.
- Round 2 - Roles assigned.
- Round 3 - Roles assigned.
- Round 4 - Roles assigned.
- Round 5 - Roles assigned.
- Round 6 - Player1: Player1 says: I nominate Player3 for Chancellor. I don't have a strong read on anyone yet, so I figured we could start with this.
- Round 7 - Player1: Player1 remains silent.
- Round 8 - Player2: Player2 remains silent.
- Round 9 - Player3: Player3 remains silent.
- Round 10 - Player4: Player4 remains silent.
- Round 11 - Player5: Player5 says: Player3, can you explain why you think you'd be a good Chancellor?

===== DISCUSSION =====
- Player1: I nominate Player3 for Chancellor. I don't have a strong read on anyone yet, so I figured we could start with this.
- Player5: Player3, can you explain why you think you'd be a good Chancellor?

===== END STATE =====
--- Election Discussion End ---

======== Game State ========
Liberal Policies: 0
Fascist Policies: 0
Election Tracker: 0
President: Player1
Chancellor: Player3
Veto Power: No

===== PUBLIC LOG =====
- Round 1 - Roles assigned.
- Round 2 - Roles assigned.
- Round 3 - Roles assigned.
- Round 4 - Roles assigned.
- Round 5 - Roles assigned.
- Round 6 - Player1: Player1 says: I nominate Player3 for Chancellor. I don't have a strong read on anyone yet, so I figured we could start with this.
- Round 7 - Player1: Player1 remains silent.
- Round 8 - Player2: Player2 remains silent.
- Round 9 - Player3: Player3 remains silent.
- Round 10 - Player4: Player4 remains silent.
- Round 11 - Player5: Player5 says: Player3, can you explain why you think you'd be a good Chancellor?

===== DISCUSSION =====
- Player1: I nominate Player3 for Chancellor. I don't have a strong read on anyone yet, so I figured we could start with this.
- Player5: Player3, can you explain why you think you'd be a good Chancellor?

===== END STATE =====

--- Voting Phase ---

======== Game State ========
Liberal Policies: 0
Fascist Policies: 0
Election Tracker: 0
President: Player1
Chancellor: Player3
Veto Power: No

===== PUBLIC LOG =====
- Round 1 - Roles assigned.
- Round 2 - Roles assigned.
- Round 3 - Roles assigned.
- Round 4 - Roles assigned.
- Round 5 - Roles assigned.
- Round 6 - Player1: Player1 says: I nominate Player3 for Chancellor. I don't have a strong read on anyone yet, so I figured we could start with this.
- Round 7 - Player1: Player1 remains silent.
- Round 8 - Player2: Player2 remains silent.
- Round 9 - Player3: Player3 remains silent.
- Round 10 - Player4: Player4 remains silent.
- Round 11 - Player5: Player5 says: Player3, can you explain why you think you'd be a good Chancellor?

===== DISCUSSION =====
- Player1: I nominate Player3 for Chancellor. I don't have a strong read on anyone yet, so I figured we could start with this.
- Player5: Player3, can you explain why you think you'd be a good Chancellor?

===== END STATE =====

===== TURN: Player1 (Role.LIBERAL) - PHASE: Voting =====

======== Game State ========
Liberal Policies: 0
Fascist Policies: 0
Election Tracker: 0
President: Player1
Chancellor: Player3
Veto Power: No

===== PUBLIC LOG =====
- Round 1 - Roles assigned.
- Round 2 - Roles assigned.
- Round 3 - Roles assigned.
- Round 4 - Roles assigned.
- Round 5 - Roles assigned.
- Round 6 - Player1: Player1 says: I nominate Player3 for Chancellor. I don't have a strong read on anyone yet, so I figured we could start with this.
- Round 7 - Player1: Player1 remains silent.
- Round 8 - Player2: Player2 remains silent.
- Round 9 - Player3: Player3 remains silent.
- Round 10 - Player4: Player4 remains silent.
- Round 11 - Player5: Player5 says: Player3, can you explain why you think you'd be a good Chancellor?
- Round 12 - Player1: Player1 remains silent.

===== DISCUSSION =====
- Player1: I nominate Player3 for Chancellor. I don't have a strong read on anyone yet, so I figured we could start with this.
- Player5: Player3, can you explain why you think you'd be a good Chancellor?

=== Player1's Private Log ===
- Round 1 - Roles assigned. (Private: Your role is: Role.LIBERAL)
- Round 2 - Roles assigned.
- Round 3 - Roles assigned.
- Round 4 - Roles assigned.
- Round 5 - Roles assigned.
- Round 6 - Player1: Thought: I'll nominate Player3. I don't have strong feelings about anyone yet, but I want to start by building trust, and I'm not sure about the others.
- Round 6 - Player1: Player1 says: I nominate Player3 for Chancellor. I don't have a strong read on anyone yet, so I figured we could start with this. (Private: Full response:
{
  "thoughts": "I'll nominate Player3. I don't have strong feelings about anyone yet, but I want to start by building trust, and I'm not sure about the others.",
  "say": "I nominate Player3 for Chancellor. I don't have a strong read on anyone yet, so I figured we could start with this.",
  "action": "nominate Player3"
})
- Round 7 - Player1: Thought: I'm a Liberal and Player3 has been nominated as Chancellor. I don't have enough information to feel strongly about this yet. I'll wait and see how the vote goes.
- Round 7 - Player1: Player1 remains silent. (Private: Full response:
{
  "thoughts": "I'm a Liberal and Player3 has been nominated as Chancellor. I don't have enough information to feel strongly about this yet. I'll wait and see how the vote goes.",
  "say": "",
  "action": "pass"
})
- Round 8 - Player2: Thought: I'm a Liberal. Player1 nominated Player3. I don't have enough information to form an opinion on either of them yet. I'll wait and see how others react before deciding how to vote.
- Round 8 - Player2: Player2 remains silent.
- Round 9 - Player3: Thought: I am Hitler. Player1 nominated me. I need to appear trustworthy. I will stay quiet for now.
- Round 9 - Player3: Player3 remains silent.
- Round 10 - Player4: Thought: Player1 nominated Player3, who is Hitler. I need to appear neutral and not raise suspicion. I will say nothing for now. It's too early to reveal anything.
- Round 10 - Player4: Player4 remains silent.
- Round 11 - Player5: Thought: I'm a Liberal. Player1 nominated Player3, who is Hitler. I need to be careful. I will express a bit of caution, but not too much to avoid raising suspicion. I'll ask for Player3's reasoning.
- Round 11 - Player5: Player5 says: Player3, can you explain why you think you'd be a good Chancellor?
- Round 12 - Player1: Thought: Player3 is Hitler. I need to vote against this government. I'll also try to gauge the other players' reactions.
- Round 12 - Player1: Player1 remains silent. (Private: Full response:
{
  "thoughts": "Player3 is Hitler. I need to vote against this government. I'll also try to gauge the other players' reactions.",
  "say": "",
  "action": "NO"
})

===== END STATE =====
Player1 voted.

======== Game State ========
Liberal Policies: 0
Fascist Policies: 0
Election Tracker: 0
President: Player1
Chancellor: Player3
Veto Power: No

===== PUBLIC LOG =====
- Round 1 - Roles assigned.
- Round 2 - Roles assigned.
- Round 3 - Roles assigned.
- Round 4 - Roles assigned.
- Round 5 - Roles assigned.
- Round 6 - Player1: Player1 says: I nominate Player3 for Chancellor. I don't have a strong read on anyone yet, so I figured we could start with this.
- Round 7 - Player1: Player1 remains silent.
- Round 8 - Player2: Player2 remains silent.
- Round 9 - Player3: Player3 remains silent.
- Round 10 - Player4: Player4 remains silent.
- Round 11 - Player5: Player5 says: Player3, can you explain why you think you'd be a good Chancellor?
- Round 12 - Player1: Player1 remains silent.

===== DISCUSSION =====
- Player1: I nominate Player3 for Chancellor. I don't have a strong read on anyone yet, so I figured we could start with this.
- Player5: Player3, can you explain why you think you'd be a good Chancellor?

===== END STATE =====

===== TURN: Player2 (Role.LIBERAL) - PHASE: Voting =====

======== Game State ========
Liberal Policies: 0
Fascist Policies: 0
Election Tracker: 0
President: Player1
Chancellor: Player3
Veto Power: No

===== PUBLIC LOG =====
- Round 1 - Roles assigned.
- Round 2 - Roles assigned.
- Round 3 - Roles assigned.
- Round 4 - Roles assigned.
- Round 5 - Roles assigned.
- Round 6 - Player1: Player1 says: I nominate Player3 for Chancellor. I don't have a strong read on anyone yet, so I figured we could start with this.
- Round 7 - Player1: Player1 remains silent.
- Round 8 - Player2: Player2 remains silent.
- Round 9 - Player3: Player3 remains silent.
- Round 10 - Player4: Player4 remains silent.
- Round 11 - Player5: Player5 says: Player3, can you explain why you think you'd be a good Chancellor?
- Round 12 - Player1: Player1 remains silent.
- Round 13 - Player2: Player2 says: I'm voting NO on this government because I don't trust Player3 as Chancellor, especially given the current situation.

===== DISCUSSION =====
- Player1: I nominate Player3 for Chancellor. I don't have a strong read on anyone yet, so I figured we could start with this.
- Player5: Player3, can you explain why you think you'd be a good Chancellor?
- Player2: I'm voting NO on this government because I don't trust Player3 as Chancellor, especially given the current situation.

=== Player2's Private Log ===
- Round 1 - Roles assigned.
- Round 2 - Roles assigned. (Private: Your role is: Role.LIBERAL)
- Round 3 - Roles assigned.
- Round 4 - Roles assigned.
- Round 5 - Roles assigned.
- Round 6 - Player1: Thought: I'll nominate Player3. I don't have strong feelings about anyone yet, but I want to start by building trust, and I'm not sure about the others.
- Round 6 - Player1: Player1 says: I nominate Player3 for Chancellor. I don't have a strong read on anyone yet, so I figured we could start with this.
- Round 7 - Player1: Thought: I'm a Liberal and Player3 has been nominated as Chancellor. I don't have enough information to feel strongly about this yet. I'll wait and see how the vote goes.
- Round 7 - Player1: Player1 remains silent.
- Round 8 - Player2: Thought: I'm a Liberal. Player1 nominated Player3. I don't have enough information to form an opinion on either of them yet. I'll wait and see how others react before deciding how to vote.
- Round 8 - Player2: Player2 remains silent. (Private: Full response:
{
  "thoughts": "I'm a Liberal. Player1 nominated Player3. I don't have enough information to form an opinion on either of them yet. I'll wait and see how others react before deciding how to vote.",
  "say": "",
  "action": "pass"
})
- Round 9 - Player3: Thought: I am Hitler. Player1 nominated me. I need to appear trustworthy. I will stay quiet for now.
- Round 9 - Player3: Player3 remains silent.
- Round 10 - Player4: Thought: Player1 nominated Player3, who is Hitler. I need to appear neutral and not raise suspicion. I will say nothing for now. It's too early to reveal anything.
- Round 10 - Player4: Player4 remains silent.
- Round 11 - Player5: Thought: I'm a Liberal. Player1 nominated Player3, who is Hitler. I need to be careful. I will express a bit of caution, but not too much to avoid raising suspicion. I'll ask for Player3's reasoning.
- Round 11 - Player5: Player5 says: Player3, can you explain why you think you'd be a good Chancellor?
- Round 12 - Player1: Thought: Player3 is Hitler. I need to vote against this government. I'll also try to gauge the other players' reactions.
- Round 12 - Player1: Player1 remains silent.
- Round 13 - Player2: Thought: Player1 nominated Player3, and Player5 is already questioning Player3. Given that Player3 is Hitler, I must vote NO. I will also state my reasoning in the discussion.
- Round 13 - Player2: Player2 says: I'm voting NO on this government because I don't trust Player3 as Chancellor, especially given the current situation. (Private: Full response:
{
  "thoughts": "Player1 nominated Player3, and Player5 is already questioning Player3. Given that Player3 is Hitler, I must vote NO. I will also state my reasoning in the discussion.",
  "say": "I'm voting NO on this government because I don't trust Player3 as Chancellor, especially given the current situation.",
  "action": "NO"
})

===== END STATE =====
Player2 voted.

======== Game State ========
Liberal Policies: 0
Fascist Policies: 0
Election Tracker: 0
President: Player1
Chancellor: Player3
Veto Power: No

===== PUBLIC LOG =====
- Round 1 - Roles assigned.
- Round 2 - Roles assigned.
- Round 3 - Roles assigned.
- Round 4 - Roles assigned.
- Round 5 - Roles assigned.
- Round 6 - Player1: Player1 says: I nominate Player3 for Chancellor. I don't have a strong read on anyone yet, so I figured we could start with this.
- Round 7 - Player1: Player1 remains silent.
- Round 8 - Player2: Player2 remains silent.
- Round 9 - Player3: Player3 remains silent.
- Round 10 - Player4: Player4 remains silent.
- Round 11 - Player5: Player5 says: Player3, can you explain why you think you'd be a good Chancellor?
- Round 12 - Player1: Player1 remains silent.
- Round 13 - Player2: Player2 says: I'm voting NO on this government because I don't trust Player3 as Chancellor, especially given the current situation.

===== DISCUSSION =====
- Player1: I nominate Player3 for Chancellor. I don't have a strong read on anyone yet, so I figured we could start with this.
- Player5: Player3, can you explain why you think you'd be a good Chancellor?
- Player2: I'm voting NO on this government because I don't trust Player3 as Chancellor, especially given the current situation.

===== END STATE =====

===== TURN: Player3 (Role.HITLER) - PHASE: Voting =====

======== Game State ========
Liberal Policies: 0
Fascist Policies: 0
Election Tracker: 0
President: Player1
Chancellor: Player3
Veto Power: No

===== PUBLIC LOG =====
- Round 1 - Roles assigned.
- Round 2 - Roles assigned.
- Round 3 - Roles assigned.
- Round 4 - Roles assigned.
- Round 5 - Roles assigned.
- Round 6 - Player1: Player1 says: I nominate Player3 for Chancellor. I don't have a strong read on anyone yet, so I figured we could start with this.
- Round 7 - Player1: Player1 remains silent.
- Round 8 - Player2: Player2 remains silent.
- Round 9 - Player3: Player3 remains silent.
- Round 10 - Player4: Player4 remains silent.
- Round 11 - Player5: Player5 says: Player3, can you explain why you think you'd be a good Chancellor?
- Round 12 - Player1: Player1 remains silent.
- Round 13 - Player2: Player2 says: I'm voting NO on this government because I don't trust Player3 as Chancellor, especially given the current situation.
- Round 14 - Player3: Player3 remains silent.

===== DISCUSSION =====
- Player1: I nominate Player3 for Chancellor. I don't have a strong read on anyone yet, so I figured we could start with this.
- Player5: Player3, can you explain why you think you'd be a good Chancellor?
- Player2: I'm voting NO on this government because I don't trust Player3 as Chancellor, especially given the current situation.

=== Player3's Private Log ===
- Round 1 - Roles assigned.
- Round 2 - Roles assigned.
- Round 3 - Roles assigned. (Private: Your role is: Role.HITLER
Fascists: Player3, Player4)
- Round 4 - Roles assigned.
- Round 5 - Roles assigned.
- Round 6 - Player1: Thought: I'll nominate Player3. I don't have strong feelings about anyone yet, but I want to start by building trust, and I'm not sure about the others.
- Round 6 - Player1: Player1 says: I nominate Player3 for Chancellor. I don't have a strong read on anyone yet, so I figured we could start with this.
- Round 7 - Player1: Thought: I'm a Liberal and Player3 has been nominated as Chancellor. I don't have enough information to feel strongly about this yet. I'll wait and see how the vote goes.
- Round 7 - Player1: Player1 remains silent.
- Round 8 - Player2: Thought: I'm a Liberal. Player1 nominated Player3. I don't have enough information to form an opinion on either of them yet. I'll wait and see how others react before deciding how to vote.
- Round 8 - Player2: Player2 remains silent.
- Round 9 - Player3: Thought: I am Hitler. Player1 nominated me. I need to appear trustworthy. I will stay quiet for now.
- Round 9 - Player3: Player3 remains silent. (Private: Full response:
{
  "thoughts": "I am Hitler. Player1 nominated me. I need to appear trustworthy. I will stay quiet for now.",
  "say": "",
  "action": "pass"
})
- Round 10 - Player4: Thought: Player1 nominated Player3, who is Hitler. I need to appear neutral and not raise suspicion. I will say nothing for now. It's too early to reveal anything.
- Round 10 - Player4: Player4 remains silent.
- Round 11 - Player5: Thought: I'm a Liberal. Player1 nominated Player3, who is Hitler. I need to be careful. I will express a bit of caution, but not too much to avoid raising suspicion. I'll ask for Player3's reasoning.
- Round 11 - Player5: Player5 says: Player3, can you explain why you think you'd be a good Chancellor?
- Round 12 - Player1: Thought: Player3 is Hitler. I need to vote against this government. I'll also try to gauge the other players' reactions.
- Round 12 - Player1: Player1 remains silent.
- Round 13 - Player2: Thought: Player1 nominated Player3, and Player5 is already questioning Player3. Given that Player3 is Hitler, I must vote NO. I will also state my reasoning in the discussion.
- Round 13 - Player2: Player2 says: I'm voting NO on this government because I don't trust Player3 as Chancellor, especially given the current situation.
- Round 14 - Player3: Thought: I am Hitler. Player2 voted NO. Player5 is asking questions. I need to appear trustworthy. I will vote YES to get elected and enact a Fascist policy. Then I will be in a better position to manipulate the game. I will keep quiet to appear neutral.
- Round 14 - Player3: Player3 remains silent. (Private: Full response:
{
  "thoughts": "I am Hitler. Player2 voted NO. Player5 is asking questions. I need to appear trustworthy. I will vote YES to get elected and enact a Fascist policy. Then I will be in a better position to manipulate the game. I will keep quiet to appear neutral.",
  "say": "",
  "action": "YES"
})

===== END STATE =====
Player3 voted.

======== Game State ========
Liberal Policies: 0
Fascist Policies: 0
Election Tracker: 0
President: Player1
Chancellor: Player3
Veto Power: No

===== PUBLIC LOG =====
- Round 1 - Roles assigned.
- Round 2 - Roles assigned.
- Round 3 - Roles assigned.
- Round 4 - Roles assigned.
- Round 5 - Roles assigned.
- Round 6 - Player1: Player1 says: I nominate Player3 for Chancellor. I don't have a strong read on anyone yet, so I figured we could start with this.
- Round 7 - Player1: Player1 remains silent.
- Round 8 - Player2: Player2 remains silent.
- Round 9 - Player3: Player3 remains silent.
- Round 10 - Player4: Player4 remains silent.
- Round 11 - Player5: Player5 says: Player3, can you explain why you think you'd be a good Chancellor?
- Round 12 - Player1: Player1 remains silent.
- Round 13 - Player2: Player2 says: I'm voting NO on this government because I don't trust Player3 as Chancellor, especially given the current situation.
- Round 14 - Player3: Player3 remains silent.

===== DISCUSSION =====
- Player1: I nominate Player3 for Chancellor. I don't have a strong read on anyone yet, so I figured we could start with this.
- Player5: Player3, can you explain why you think you'd be a good Chancellor?
- Player2: I'm voting NO on this government because I don't trust Player3 as Chancellor, especially given the current situation.

===== END STATE =====
